// Jest Snapshot v1, https://goo.gl/fbAQLP

exports[`<Items /> Should render <Items /> 1`] = `
<div
  className="items"
>
  <div
    className="item"
  >
    <div
      className="item__image"
    >
      <img
        alt="Lonely boat"
        src="/boat.jpg"
      />
    </div>
    <div
      className="item-details"
    >
      <div
        className="item-details__title"
      >
        Boat
      </div>
      <div
        className="item-details__description"
      >
        Lonely boat
      </div>
    </div>
  </div>
  <div
    className="item"
  >
    <div
      className="item__image"
    >
      <img
        alt="Sunset rain"
        src="/rain.jpg"
      />
    </div>
    <div
      className="item-details"
    >
      <div
        className="item-details__title"
      >
        Rain
      </div>
      <div
        className="item-details__description"
      >
        Sunset rain
      </div>
    </div>
  </div>
</div>
`;

exports[`<Items /> Should render no Item 1`] = `
<div
  className="items"
/>
`;
