// Jest Snapshot v1, https://goo.gl/fbAQLP

exports[`<Buttons /> Should render <Buttons /> 1`] = `
<div
  className="buttons"
>
  <button
    className="button --primary"
    onClick={[Function]}
  >
    <span
      className="button__caption"
    >
      Get Items
    </span>
  </button>
</div>
`;
