// Jest Snapshot v1, https://goo.gl/fbAQLP

exports[`<Buttons /> Should render <Buttons />, <Modal /> and <ModalConfirmation /> 1`] = `
<div
  className="buttons"
>
  <button
    className="button --primary"
    onClick={[MockFunction]}
  >
    Get Items
  </button>
  <button
    className="button --secondary"
    onClick={[Function]}
  >
    Open Modal
  </button>
</div>
`;
